#-----------------------------------------------------------
# Webtalk v2017.4 (64-bit)
# SW Build 2086221 on Fri Dec 15 20:54:30 MST 2017
# IP Build 2085800 on Fri Dec 15 22:25:07 MST 2017
# Start of session at: Thu Feb 27 14:49:12 2020
# Process ID: 15679
# Current directory: /home/duck/Github/MemorEDF/rtl/MemorEDF/MemorEDF.tmp/MemorEDF_v1_0_project/MemorEDF_v1_0_project.sim/sim_1/behav/xsim
# Command line: wbtcv -mode batch -source /home/duck/Github/MemorEDF/rtl/MemorEDF/MemorEDF.tmp/MemorEDF_v1_0_project/MemorEDF_v1_0_project.sim/sim_1/behav/xsim/xsim.dir/TN_NonAXIDomain_behav/webtalk/xsim_webtalk.tcl -notrace
# Log file: /home/duck/Github/MemorEDF/rtl/MemorEDF/MemorEDF.tmp/MemorEDF_v1_0_project/MemorEDF_v1_0_project.sim/sim_1/behav/xsim/webtalk.log
# Journal file: /home/duck/Github/MemorEDF/rtl/MemorEDF/MemorEDF.tmp/MemorEDF_v1_0_project/MemorEDF_v1_0_project.sim/sim_1/behav/xsim/webtalk.jou
#-----------------------------------------------------------
source /home/duck/Github/MemorEDF/rtl/MemorEDF/MemorEDF.tmp/MemorEDF_v1_0_project/MemorEDF_v1_0_project.sim/sim_1/behav/xsim/xsim.dir/TN_NonAXIDomain_behav/webtalk/xsim_webtalk.tcl -notrace
