Copyright 1986-2017 Xilinx, Inc. All Rights Reserved.
---------------------------------------------------------------------------------------------
| Tool Version : Vivado v.2017.4 (lin64) Build 2086221 Fri Dec 15 20:54:30 MST 2017
| Date         : Thu Aug 13 11:42:02 2020
| Host         : tower running 64-bit Ubuntu 16.04.6 LTS
| Command      : report_control_sets -verbose -file design_1_wrapper_control_sets_placed.rpt
| Design       : design_1_wrapper
| Device       : xczu9eg
---------------------------------------------------------------------------------------------

Control Set Information

Table of Contents
-----------------
1. Summary
2. Flip-Flop Distribution
3. Detailed Control Set Information

1. Summary
----------

+----------------------------------------------------------+-------+
|                          Status                          | Count |
+----------------------------------------------------------+-------+
| Number of unique control sets                            |    76 |
| Unused register locations in slices containing registers |    96 |
+----------------------------------------------------------+-------+


2. Flip-Flop Distribution
-------------------------

+--------------+-----------------------+------------------------+-----------------+--------------+
| Clock Enable | Synchronous Set/Reset | Asynchronous Set/Reset | Total Registers | Total Slices |
+--------------+-----------------------+------------------------+-----------------+--------------+
| No           | No                    | No                     |             290 |           47 |
| No           | No                    | Yes                    |             127 |           34 |
| No           | Yes                   | No                     |             107 |           19 |
| Yes          | No                    | No                     |              88 |           20 |
| Yes          | No                    | Yes                    |              84 |           13 |
| Yes          | Yes                   | No                     |             260 |           26 |
+--------------+-----------------------+------------------------+-----------------+--------------+


3. Detailed Control Set Information
-----------------------------------

+--------------------------------------------+-------------------------------------------------------------------------------------------------------------------------------------------------------------------------------------------------------------------------------------+-----------------------------------------------------------------------------------------------------------------------------------------------------------------------------------------------------------------------------------------+------------------+----------------+
|                Clock Signal                |                                                                                                            Enable Signal                                                                                                            |                                                                                                             Set/Reset Signal                                                                                                            | Slice Load Count | Bel Load Count |
+--------------------------------------------+-------------------------------------------------------------------------------------------------------------------------------------------------------------------------------------------------------------------------------------+-----------------------------------------------------------------------------------------------------------------------------------------------------------------------------------------------------------------------------------------+------------------+----------------+
|  dbg_hub/inst/BSCANID.u_xsdbm_id/itck_i    |                                                                                                                                                                                                                                     | dbg_hub/inst/BSCANID.u_xsdbm_id/CORE_XSDB.UUT_MASTER/U_ICON_INTERFACE/U_CMD6_RD/U_RD_FIFO/SUBCORE_FIFO.xsdbm_v3_0_0_rdfifo_inst/inst_fifo_gen/gconvfifo.rf/grf.rf/rstblk/rst_rd_reg2                                                    |                1 |              1 |
|  dbg_hub/inst/BSCANID.u_xsdbm_id/itck_i    |                                                                                                                                                                                                                                     | dbg_hub/inst/BSCANID.u_xsdbm_id/CORE_XSDB.UUT_MASTER/U_ICON_INTERFACE/U_CMD6_WR/U_WR_FIFO/SUBCORE_FIFO.xsdbm_v3_0_0_wrfifo_inst/inst_fifo_gen/gconvfifo.rf/grf.rf/rstblk/rst_wr_reg2                                                    |                1 |              1 |
|  design_1_i/zynq_ultra_ps_e_0/inst/pl_clk0 |                                                                                                                                                                                                                                     | dbg_hub/inst/BSCANID.u_xsdbm_id/CORE_XSDB.UUT_MASTER/U_XSDB_BUS_CONTROLLER/clr_rd_req                                                                                                                                                   |                1 |              1 |
|  design_1_i/zynq_ultra_ps_e_0/inst/pl_clk0 |                                                                                                                                                                                                                                     | dbg_hub/inst/BSCANID.u_xsdbm_id/CORE_XSDB.UUT_MASTER/U_XSDB_BUS_CONTROLLER/clr_abort_rd                                                                                                                                                 |                1 |              1 |
|  dbg_hub/inst/BSCANID.u_xsdbm_id/itck_i    |                                                                                                                                                                                                                                     | dbg_hub/inst/BSCANID.u_xsdbm_id/SWITCH_N_EXT_BSCAN.bscan_inst/s_bscan_reset                                                                                                                                                             |                1 |              1 |
|  design_1_i/zynq_ultra_ps_e_0/inst/pl_clk0 |                                                                                                                                                                                                                                     | dbg_hub/inst/BSCANID.u_xsdbm_id/CORE_XSDB.UUT_MASTER/U_ICON_INTERFACE/U_CMD6_WR/U_WR_FIFO/SUBCORE_FIFO.xsdbm_v3_0_0_wrfifo_inst/inst_fifo_gen/gconvfifo.rf/grf.rf/rstblk/rst_rd_reg2                                                    |                1 |              1 |
|  design_1_i/zynq_ultra_ps_e_0/inst/pl_clk0 |                                                                                                                                                                                                                                     | dbg_hub/inst/BSCANID.u_xsdbm_id/CORE_XSDB.UUT_MASTER/U_ICON_INTERFACE/U_CMD6_RD/U_RD_FIFO/SUBCORE_FIFO.xsdbm_v3_0_0_rdfifo_inst/inst_fifo_gen/gconvfifo.rf/grf.rf/rstblk/rst_wr_reg2                                                    |                1 |              1 |
|  dbg_hub/inst/BSCANID.u_xsdbm_id/itck_i    | dbg_hub/inst/BSCANID.u_xsdbm_id/CORE_XSDB.UUT_MASTER/U_ICON_INTERFACE/U_CMD1/icn_cmd_en_temp                                                                                                                                        |                                                                                                                                                                                                                                         |                0 |              2 |
|  dbg_hub/inst/BSCANID.u_xsdbm_id/itck_i    | dbg_hub/inst/BSCANID.u_xsdbm_id/SWITCH_N_EXT_BSCAN.bscan_switch/id_state[1]_i_1_n_0                                                                                                                                                 | dbg_hub/inst/BSCANID.u_xsdbm_id/SWITCH_N_EXT_BSCAN.bscan_inst/s_bscan_reset                                                                                                                                                             |                0 |              2 |
|  dbg_hub/inst/BSCANID.u_xsdbm_id/itck_i    |                                                                                                                                                                                                                                     | dbg_hub/inst/BSCANID.u_xsdbm_id/CORE_XSDB.UUT_MASTER/U_ICON_INTERFACE/rddata_rst                                                                                                                                                        |                1 |              2 |
|  dbg_hub/inst/BSCANID.u_xsdbm_id/itck_i    |                                                                                                                                                                                                                                     | dbg_hub/inst/BSCANID.u_xsdbm_id/CORE_XSDB.UUT_MASTER/U_ICON_INTERFACE/wrdata_rst                                                                                                                                                        |                0 |              2 |
|  design_1_i/zynq_ultra_ps_e_0/inst/pl_clk0 | dbg_hub/inst/BSCANID.u_xsdbm_id/CORE_XSDB.UUT_MASTER/U_ICON_INTERFACE/U_CMD1/ctl_reg[1]_i_1_n_0                                                                                                                                     |                                                                                                                                                                                                                                         |                0 |              2 |
|  design_1_i/zynq_ultra_ps_e_0/inst/pl_clk0 | dbg_hub/inst/BSCANID.u_xsdbm_id/CORE_XSDB.UUT_MASTER/U_XSDB_BUS_CONTROLLER/U_TIMER/in_normal_mode                                                                                                                                   | dbg_hub/inst/BSCANID.u_xsdbm_id/CORE_XSDB.UUT_MASTER/U_ICON_INTERFACE/U_CMD1/ctl_reg[0]                                                                                                                                                 |                1 |              2 |
|  design_1_i/zynq_ultra_ps_e_0/inst/pl_clk0 | design_1_i/vio_0/inst/PROBE_OUT_ALL_INST/G_PROBE_OUT[0].wr_probe_out_reg_n_0_[0]                                                                                                                                                    | design_1_i/vio_0/inst/DECODER_INST/SR[0]                                                                                                                                                                                                |                0 |              2 |
|  design_1_i/zynq_ultra_ps_e_0/inst/pl_clk0 | design_1_i/vio_0/inst/PROBE_OUT_ALL_INST/Committ_2                                                                                                                                                                                  | design_1_i/vio_0/inst/DECODER_INST/SR[0]                                                                                                                                                                                                |                0 |              2 |
|  design_1_i/zynq_ultra_ps_e_0/inst/pl_clk0 |                                                                                                                                                                                                                                     | dbg_hub/inst/BSCANID.u_xsdbm_id/CORE_XSDB.UUT_MASTER/U_ICON_INTERFACE/U_CMD6_WR/U_WR_FIFO/SUBCORE_FIFO.xsdbm_v3_0_0_wrfifo_inst/inst_fifo_gen/gconvfifo.rf/grf.rf/rstblk/rd_rst_reg[2]                                                  |                1 |              2 |
|  design_1_i/zynq_ultra_ps_e_0/inst/pl_clk0 |                                                                                                                                                                                                                                     | dbg_hub/inst/BSCANID.u_xsdbm_id/CORE_XSDB.UUT_MASTER/U_ICON_INTERFACE/rddata_rst                                                                                                                                                        |                0 |              2 |
|  design_1_i/zynq_ultra_ps_e_0/inst/pl_clk0 |                                                                                                                                                                                                                                     | dbg_hub/inst/BSCANID.u_xsdbm_id/CORE_XSDB.UUT_MASTER/U_ICON_INTERFACE/wrdata_rst                                                                                                                                                        |                1 |              2 |
|  design_1_i/zynq_ultra_ps_e_0/inst/pl_clk0 |                                                                                                                                                                                                                                     | dbg_hub/inst/BSCANID.u_xsdbm_id/CORE_XSDB.UUT_MASTER/U_ICON_INTERFACE/U_CMD6_RD/U_RD_FIFO/SUBCORE_FIFO.xsdbm_v3_0_0_rdfifo_inst/inst_fifo_gen/gconvfifo.rf/grf.rf/rstblk/ngwrdrst.grst.g7serrst.gwrrd_rst_sync_stage[2].wrst_inst/AS[0] |                0 |              3 |
|  design_1_i/zynq_ultra_ps_e_0/inst/pl_clk0 | dbg_hub/inst/BSCANID.u_xsdbm_id/CORE_XSDB.UUT_MASTER/U_ICON_INTERFACE/U_CMD3/stat_reg_ld_temp_1_reg_n_0                                                                                                                             |                                                                                                                                                                                                                                         |                2 |              3 |
|  design_1_i/zynq_ultra_ps_e_0/inst/pl_clk0 | dbg_hub/inst/BSCANID.u_xsdbm_id/CORE_XSDB.UUT_MASTER/U_ICON_INTERFACE/U_CMD7_CTL/ctl_reg[2]_i_1_n_0                                                                                                                                 | dbg_hub/inst/BSCANID.u_xsdbm_id/CORE_XSDB.UUT_MASTER/U_ICON_INTERFACE/U_CMD1/ctl_reg[0]                                                                                                                                                 |                0 |              3 |
|  design_1_i/zynq_ultra_ps_e_0/inst/pl_clk0 | dbg_hub/inst/BSCANID.u_xsdbm_id/CORE_XSDB.UUT_MASTER/U_ICON_INTERFACE/U_CMD7_STAT/stat_reg_ld_temp_1_reg_n_0                                                                                                                        |                                                                                                                                                                                                                                         |                3 |              3 |
|  design_1_i/zynq_ultra_ps_e_0/inst/pl_clk0 |                                                                                                                                                                                                                                     | dbg_hub/inst/BSCANID.u_xsdbm_id/CORE_XSDB.UUT_MASTER/U_ICON_INTERFACE/U_CMD6_WR/U_WR_FIFO/SUBCORE_FIFO.xsdbm_v3_0_0_wrfifo_inst/inst_fifo_gen/gconvfifo.rf/grf.rf/rstblk/ngwrdrst.grst.g7serrst.gwrrd_rst_sync_stage[2].rrst_inst/AS[0] |                1 |              3 |
|  dbg_hub/inst/BSCANID.u_xsdbm_id/itck_i    |                                                                                                                                                                                                                                     | dbg_hub/inst/BSCANID.u_xsdbm_id/CORE_XSDB.UUT_MASTER/U_ICON_INTERFACE/U_CMD6_WR/U_WR_FIFO/SUBCORE_FIFO.xsdbm_v3_0_0_wrfifo_inst/inst_fifo_gen/gconvfifo.rf/grf.rf/rstblk/ngwrdrst.grst.g7serrst.gwrrd_rst_sync_stage[2].wrst_inst/AS[0] |                1 |              3 |
|  design_1_i/zynq_ultra_ps_e_0/inst/pl_clk0 |                                                                                                                                                                                                                                     | dbg_hub/inst/BSCANID.u_xsdbm_id/CORE_XSDB.UUT_MASTER/U_XSDB_BUS_CONTROLLER/sl_iport0_o[0]                                                                                                                                               |                1 |              3 |
|  dbg_hub/inst/BSCANID.u_xsdbm_id/itck_i    |                                                                                                                                                                                                                                     | dbg_hub/inst/BSCANID.u_xsdbm_id/CORE_XSDB.UUT_MASTER/U_ICON_INTERFACE/U_CMD6_RD/U_RD_FIFO/SUBCORE_FIFO.xsdbm_v3_0_0_rdfifo_inst/inst_fifo_gen/gconvfifo.rf/grf.rf/rstblk/ngwrdrst.grst.g7serrst.gwrrd_rst_sync_stage[2].rrst_inst/AS[0] |                1 |              3 |
|  dbg_hub/inst/BSCANID.u_xsdbm_id/itck_i    | dbg_hub/inst/BSCANID.u_xsdbm_id/CORE_XSDB.UUT_MASTER/U_ICON_INTERFACE/U_CMD7_STAT/icn_cmd_en_temp                                                                                                                                   |                                                                                                                                                                                                                                         |                0 |              3 |
|  design_1_i/zynq_ultra_ps_e_0/inst/pl_clk0 | design_1_i/vio_0/inst/DECODER_INST/wr_control_reg                                                                                                                                                                                   | dbg_hub/inst/BSCANID.u_xsdbm_id/CORE_XSDB.UUT_MASTER/U_XSDB_BUS_CONTROLLER/sl_iport0_o[0]                                                                                                                                               |                0 |              3 |
|  dbg_hub/inst/BSCANID.u_xsdbm_id/itck_i    | dbg_hub/inst/BSCANID.u_xsdbm_id/CORE_XSDB.UUT_MASTER/U_ICON_INTERFACE/U_CMD7_CTL/icn_cmd_en_temp                                                                                                                                    | dbg_hub/inst/BSCANID.u_xsdbm_id/CORE_XSDB.UUT_MASTER/U_ICON_INTERFACE/U_CMD1/ctl_reg[0]                                                                                                                                                 |                0 |              3 |
|  dbg_hub/inst/BSCANID.u_xsdbm_id/itck_i    | dbg_hub/inst/BSCANID.u_xsdbm_id/CORE_XSDB.UUT_MASTER/U_ICON_INTERFACE/U_CMD3/icn_cmd_en_temp                                                                                                                                        |                                                                                                                                                                                                                                         |                0 |              3 |
|  dbg_hub/inst/BSCANID.u_xsdbm_id/itck_i    |                                                                                                                                                                                                                                     | dbg_hub/inst/BSCANID.u_xsdbm_id/CORE_XSDB.UUT_MASTER/U_ICON_INTERFACE/U_CMD5/shift_bit_count_reg[3][0]                                                                                                                                  |                1 |              4 |
|  dbg_hub/inst/BSCANID.u_xsdbm_id/itck_i    |                                                                                                                                                                                                                                     | dbg_hub/inst/BSCANID.u_xsdbm_id/CORE_XSDB.UUT_MASTER/U_ICON_INTERFACE/U_CMD5/SR[0]                                                                                                                                                      |                1 |              4 |
|  dbg_hub/inst/BSCANID.u_xsdbm_id/itck_i    | dbg_hub/inst/BSCANID.u_xsdbm_id/CORE_XSDB.UUT_MASTER/U_ICON_INTERFACE/U_CMD2/icn_cmd_en_temp                                                                                                                                        |                                                                                                                                                                                                                                         |                0 |              4 |
|  dbg_hub/inst/BSCANID.u_xsdbm_id/itck_i    |                                                                                                                                                                                                                                     | dbg_hub/inst/BSCANID.u_xsdbm_id/CORE_XSDB.U_ICON/U_CMD/icn_cmd_en_reg[0]_0                                                                                                                                                              |                1 |              4 |
|  dbg_hub/inst/BSCANID.u_xsdbm_id/itck_i    |                                                                                                                                                                                                                                     | dbg_hub/inst/BSCANID.u_xsdbm_id/CORE_XSDB.UUT_MASTER/U_ICON_INTERFACE/icn_cmd_en[7]_i_1_n_0                                                                                                                                             |                1 |              4 |
|  design_1_i/zynq_ultra_ps_e_0/inst/pl_clk0 | dbg_hub/inst/BSCANID.u_xsdbm_id/CORE_XSDB.UUT_MASTER/U_ICON_INTERFACE/U_CMD2/stat_reg_ld_temp_1                                                                                                                                     |                                                                                                                                                                                                                                         |                3 |              4 |
|  dbg_hub/inst/BSCANID.u_xsdbm_id/itck_i    | dbg_hub/inst/BSCANID.u_xsdbm_id/SWITCH_N_EXT_BSCAN.bscan_switch/temp_curid[31]_i_2_n_0                                                                                                                                              | dbg_hub/inst/BSCANID.u_xsdbm_id/SWITCH_N_EXT_BSCAN.bscan_switch/temp_curid[31]_i_1_n_0                                                                                                                                                  |                1 |              5 |
|  dbg_hub/inst/BSCANID.u_xsdbm_id/itck_i    | dbg_hub/inst/BSCANID.u_xsdbm_id/SWITCH_N_EXT_BSCAN.bscan_inst/s_bscan_sel                                                                                                                                                           | dbg_hub/inst/BSCANID.u_xsdbm_id/SWITCH_N_EXT_BSCAN.bscan_inst/s_bscan_reset                                                                                                                                                             |                2 |              6 |
|  dbg_hub/inst/BSCANID.u_xsdbm_id/itck_i    |                                                                                                                                                                                                                                     | dbg_hub/inst/BSCANID.u_xsdbm_id/CORE_XSDB.U_ICON/U_CMD/SR[0]                                                                                                                                                                            |                0 |              6 |
|  dbg_hub/inst/BSCANID.u_xsdbm_id/itck_i    |                                                                                                                                                                                                                                     | dbg_hub/inst/BSCANID.u_xsdbm_id/CORE_XSDB.UUT_MASTER/U_ICON_INTERFACE/icn_cmd_en_reg_n_0_[0]                                                                                                                                            |                2 |              7 |
|  design_1_i/zynq_ultra_ps_e_0/inst/pl_clk0 | dbg_hub/inst/BSCANID.u_xsdbm_id/CORE_XSDB.UUT_MASTER/U_XSDB_BUS_CONTROLLER/gpr1.dout_i_reg[15][0]                                                                                                                                   | dbg_hub/inst/BSCANID.u_xsdbm_id/CORE_XSDB.UUT_MASTER/U_ICON_INTERFACE/U_CMD6_WR/U_WR_FIFO/SUBCORE_FIFO.xsdbm_v3_0_0_wrfifo_inst/inst_fifo_gen/gconvfifo.rf/grf.rf/rstblk/rd_rst_reg[2]                                                  |                0 |              8 |
|  design_1_i/zynq_ultra_ps_e_0/inst/pl_clk0 |                                                                                                                                                                                                                                     | dbg_hub/inst/BSCANID.u_xsdbm_id/CORE_XSDB.UUT_MASTER/U_XSDB_BUS_CONTROLLER/timer_rst                                                                                                                                                    |                0 |              8 |
|  dbg_hub/inst/BSCANID.u_xsdbm_id/itck_i    |                                                                                                                                                                                                                                     | dbg_hub/inst/BSCANID.u_xsdbm_id/CORE_XSDB.U_ICON/iDATA_CMD                                                                                                                                                                              |                1 |              8 |
|  dbg_hub/inst/BSCANID.u_xsdbm_id/itck_i    |                                                                                                                                                                                                                                     | dbg_hub/inst/BSCANID.u_xsdbm_id/SWITCH_N_EXT_BSCAN.bscan_switch/counter[7]_i_1_n_0                                                                                                                                                      |                1 |              8 |
|  dbg_hub/inst/BSCANID.u_xsdbm_id/itck_i    | dbg_hub/inst/BSCANID.u_xsdbm_id/CORE_XSDB.UUT_MASTER/U_ICON_INTERFACE/U_CMD6_RD/U_RD_FIFO/SUBCORE_FIFO.xsdbm_v3_0_0_rdfifo_inst/inst_fifo_gen/gconvfifo.rf/grf.rf/gntv_or_sync_fifo.gl0.rd/gr1.gr1_int.rfwft/gc0.count_d1_reg[3][0] | dbg_hub/inst/BSCANID.u_xsdbm_id/CORE_XSDB.UUT_MASTER/U_ICON_INTERFACE/U_CMD6_RD/U_RD_FIFO/SUBCORE_FIFO.xsdbm_v3_0_0_rdfifo_inst/inst_fifo_gen/gconvfifo.rf/grf.rf/rstblk/rd_rst_reg[2]                                                  |                1 |              8 |
|  dbg_hub/inst/BSCANID.u_xsdbm_id/itck_i    | dbg_hub/inst/BSCANID.u_xsdbm_id/CORE_XSDB.U_ICON/U_CMD/iTARGET_CE                                                                                                                                                                   | dbg_hub/inst/BSCANID.u_xsdbm_id/SWITCH_N_EXT_BSCAN.bscan_switch/m_bscan_sel[0]                                                                                                                                                          |                3 |             10 |
|  dbg_hub/inst/BSCANID.u_xsdbm_id/itck_i    |                                                                                                                                                                                                                                     | dbg_hub/inst/BSCANID.u_xsdbm_id/CORE_XSDB.UUT_MASTER/U_ICON_INTERFACE/U_CMD6_RD/U_RD_FIFO/SUBCORE_FIFO.xsdbm_v3_0_0_rdfifo_inst/inst_fifo_gen/gconvfifo.rf/grf.rf/rstblk/rd_rst_reg[2]                                                  |                2 |             10 |
|  design_1_i/zynq_ultra_ps_e_0/inst/pl_clk0 | dbg_hub/inst/BSCANID.u_xsdbm_id/CORE_XSDB.UUT_MASTER/U_XSDB_BUS_CONTROLLER/E[0]                                                                                                                                                     | dbg_hub/inst/BSCANID.u_xsdbm_id/CORE_XSDB.UUT_MASTER/U_ICON_INTERFACE/U_CMD6_RD/U_RD_FIFO/SUBCORE_FIFO.xsdbm_v3_0_0_rdfifo_inst/inst_fifo_gen/gconvfifo.rf/grf.rf/rstblk/wr_rst_reg[1]                                                  |                1 |             12 |
|  dbg_hub/inst/BSCANID.u_xsdbm_id/itck_i    | dbg_hub/inst/BSCANID.u_xsdbm_id/CORE_XSDB.UUT_MASTER/U_ICON_INTERFACE/U_CMD6_WR/U_WR_FIFO/SUBCORE_FIFO.xsdbm_v3_0_0_wrfifo_inst/inst_fifo_gen/gconvfifo.rf/grf.rf/gntv_or_sync_fifo.gl0.wr/gwas.wsts/E[0]                           | dbg_hub/inst/BSCANID.u_xsdbm_id/CORE_XSDB.UUT_MASTER/U_ICON_INTERFACE/U_CMD6_WR/U_WR_FIFO/SUBCORE_FIFO.xsdbm_v3_0_0_wrfifo_inst/inst_fifo_gen/gconvfifo.rf/grf.rf/rstblk/wr_rst_reg[1]                                                  |                1 |             12 |
|  design_1_i/zynq_ultra_ps_e_0/inst/pl_clk0 |                                                                                                                                                                                                                                     | design_1_i/vio_0/inst/DECODER_INST/xsdb_addr_8_p2                                                                                                                                                                                       |                2 |             14 |
|  design_1_i/zynq_ultra_ps_e_0/inst/pl_clk0 | dbg_hub/inst/BSCANID.u_xsdbm_id/CORE_XSDB.UUT_MASTER/U_XSDB_BUS_CONTROLLER/gpr1.dout_i_reg[15][0]                                                                                                                                   |                                                                                                                                                                                                                                         |                6 |             16 |
|  design_1_i/zynq_ultra_ps_e_0/inst/pl_clk0 | design_1_i/vio_0/inst/U_XSDB_SLAVE/reg_test0                                                                                                                                                                                        |                                                                                                                                                                                                                                         |                1 |             16 |
|  design_1_i/zynq_ultra_ps_e_0/inst/pl_clk0 | design_1_i/vio_0/inst/DECODER_INST/wr_probe_out_modified                                                                                                                                                                            | design_1_i/vio_0/inst/DECODER_INST/SR[0]                                                                                                                                                                                                |                0 |             16 |
|  dbg_hub/inst/BSCANID.u_xsdbm_id/itck_i    | dbg_hub/inst/BSCANID.u_xsdbm_id/CORE_XSDB.UUT_MASTER/U_ICON_INTERFACE/U_CMD5/shift_reg_in_reg[15]_0[0]                                                                                                                              | dbg_hub/inst/BSCANID.u_xsdbm_id/CORE_XSDB.UUT_MASTER/U_ICON_INTERFACE/wrdata_rst                                                                                                                                                        |                1 |             16 |
|  dbg_hub/inst/BSCANID.u_xsdbm_id/itck_i    | dbg_hub/inst/BSCANID.u_xsdbm_id/CORE_XSDB.UUT_MASTER/U_ICON_INTERFACE/U_CMD5/E[0]                                                                                                                                                   | dbg_hub/inst/BSCANID.u_xsdbm_id/CORE_XSDB.UUT_MASTER/U_ICON_INTERFACE/rddata_rst                                                                                                                                                        |                5 |             16 |
|  dbg_hub/inst/BSCANID.u_xsdbm_id/itck_i    | dbg_hub/inst/BSCANID.u_xsdbm_id/CORE_XSDB.UUT_MASTER/U_ICON_INTERFACE/U_CMD6_RD/U_RD_FIFO/SUBCORE_FIFO.xsdbm_v3_0_0_rdfifo_inst/inst_fifo_gen/gconvfifo.rf/grf.rf/gntv_or_sync_fifo.gl0.rd/gr1.gr1_int.rfwft/E[0]                   |                                                                                                                                                                                                                                         |                0 |             16 |
|  dbg_hub/inst/BSCANID.u_xsdbm_id/itck_i    | dbg_hub/inst/BSCANID.u_xsdbm_id/CORE_XSDB.UUT_MASTER/U_ICON_INTERFACE/U_CMD6_RD/U_RD_FIFO/SUBCORE_FIFO.xsdbm_v3_0_0_rdfifo_inst/inst_fifo_gen/gconvfifo.rf/grf.rf/gntv_or_sync_fifo.gl0.rd/gr1.gr1_int.rfwft/gc0.count_d1_reg[3][0] |                                                                                                                                                                                                                                         |                5 |             16 |
|  dbg_hub/inst/BSCANID.u_xsdbm_id/itck_i    |                                                                                                                                                                                                                                     | dbg_hub/inst/BSCANID.u_xsdbm_id/CORE_XSDB.UUT_MASTER/U_ICON_INTERFACE/U_CMD6_RD/U_RD_FIFO/SUBCORE_FIFO.xsdbm_v3_0_0_rdfifo_inst/inst_fifo_gen/gconvfifo.rf/grf.rf/rstblk/rd_rst_reg[1]                                                  |                5 |             16 |
|  design_1_i/zynq_ultra_ps_e_0/inst/pl_clk0 |                                                                                                                                                                                                                                     | dbg_hub/inst/BSCANID.u_xsdbm_id/CORE_XSDB.UUT_MASTER/U_ICON_INTERFACE/U_CMD6_WR/U_WR_FIFO/SUBCORE_FIFO.xsdbm_v3_0_0_wrfifo_inst/inst_fifo_gen/gconvfifo.rf/grf.rf/rstblk/rd_rst_reg[1]                                                  |                4 |             16 |
|  design_1_i/zynq_ultra_ps_e_0/inst/pl_clk0 | dbg_hub/inst/BSCANID.u_xsdbm_id/CORE_XSDB.UUT_MASTER/U_XSDB_BUS_CONTROLLER/burst_wd_reg[16]                                                                                                                                         | dbg_hub/inst/BSCANID.u_xsdbm_id/CORE_XSDB.UUT_MASTER/U_ICON_INTERFACE/U_CMD1/ctl_reg[0]                                                                                                                                                 |                0 |             17 |
|  design_1_i/zynq_ultra_ps_e_0/inst/pl_clk0 | dbg_hub/inst/BSCANID.u_xsdbm_id/CORE_XSDB.UUT_MASTER/U_XSDB_BUS_CONTROLLER/addr_reg[0]                                                                                                                                              | dbg_hub/inst/BSCANID.u_xsdbm_id/CORE_XSDB.UUT_MASTER/U_ICON_INTERFACE/U_CMD1/ctl_reg[0]                                                                                                                                                 |                2 |             17 |
|  dbg_hub/inst/BSCANID.u_xsdbm_id/itck_i    |                                                                                                                                                                                                                                     | dbg_hub/inst/BSCANID.u_xsdbm_id/CORE_XSDB.UUT_MASTER/U_ICON_INTERFACE/U_CMD6_WR/U_WR_FIFO/SUBCORE_FIFO.xsdbm_v3_0_0_wrfifo_inst/inst_fifo_gen/gconvfifo.rf/grf.rf/rstblk/wr_rst_reg[0]                                                  |                2 |             18 |
|  design_1_i/zynq_ultra_ps_e_0/inst/pl_clk0 | dbg_hub/inst/BSCANID.u_xsdbm_id/CORE_XSDB.UUT_MASTER/U_ICON_INTERFACE/U_CMD5/ctl_reg[17]_i_1_n_0                                                                                                                                    | dbg_hub/inst/BSCANID.u_xsdbm_id/CORE_XSDB.UUT_MASTER/U_ICON_INTERFACE/U_CMD1/ctl_reg[0]                                                                                                                                                 |                3 |             18 |
|  design_1_i/zynq_ultra_ps_e_0/inst/pl_clk0 |                                                                                                                                                                                                                                     | dbg_hub/inst/BSCANID.u_xsdbm_id/CORE_XSDB.UUT_MASTER/U_ICON_INTERFACE/U_CMD6_RD/U_RD_FIFO/SUBCORE_FIFO.xsdbm_v3_0_0_rdfifo_inst/inst_fifo_gen/gconvfifo.rf/grf.rf/rstblk/wr_rst_reg[0]                                                  |                1 |             18 |
|  dbg_hub/inst/BSCANID.u_xsdbm_id/itck_i    | dbg_hub/inst/BSCANID.u_xsdbm_id/CORE_XSDB.UUT_MASTER/U_ICON_INTERFACE/U_CMD5/icn_cmd_en_temp                                                                                                                                        | dbg_hub/inst/BSCANID.u_xsdbm_id/CORE_XSDB.UUT_MASTER/U_ICON_INTERFACE/U_CMD1/ctl_reg[0]                                                                                                                                                 |                2 |             18 |
|  design_1_i/zynq_ultra_ps_e_0/inst/pl_clk0 |                                                                                                                                                                                                                                     | dbg_hub/inst/BSCANID.u_xsdbm_id/CORE_XSDB.UUT_MASTER/U_ICON_INTERFACE/U_CMD1/ctl_reg[0]                                                                                                                                                 |                8 |             25 |
|  dbg_hub/inst/BSCANID.u_xsdbm_id/itck_i    | dbg_hub/inst/BSCANID.u_xsdbm_id/SWITCH_N_EXT_BSCAN.bscan_switch/temp_curid[31]_i_2_n_0                                                                                                                                              | dbg_hub/inst/BSCANID.u_xsdbm_id/SWITCH_N_EXT_BSCAN.bscan_switch/temp_curid[30]_i_1_n_0                                                                                                                                                  |                2 |             27 |
|  design_1_i/zynq_ultra_ps_e_0/inst/pl_clk0 | dbg_hub/inst/BSCANID.u_xsdbm_id/CORE_XSDB.UUT_MASTER/U_ICON_INTERFACE/U_CMD4/ctl_reg[27]_i_1_n_0                                                                                                                                    | dbg_hub/inst/BSCANID.u_xsdbm_id/CORE_XSDB.UUT_MASTER/U_ICON_INTERFACE/U_CMD1/ctl_reg[0]                                                                                                                                                 |                5 |             28 |
|  dbg_hub/inst/BSCANID.u_xsdbm_id/itck_i    | dbg_hub/inst/BSCANID.u_xsdbm_id/CORE_XSDB.UUT_MASTER/U_ICON_INTERFACE/U_CMD4/icn_cmd_en_temp                                                                                                                                        | dbg_hub/inst/BSCANID.u_xsdbm_id/CORE_XSDB.UUT_MASTER/U_ICON_INTERFACE/U_CMD1/ctl_reg[0]                                                                                                                                                 |                2 |             28 |
|  dbg_hub/inst/BSCANID.u_xsdbm_id/itck_i    | dbg_hub/inst/BSCANID.u_xsdbm_id/SWITCH_N_EXT_BSCAN.bscan_switch/bscanid[31]_i_1_n_0                                                                                                                                                 | dbg_hub/inst/BSCANID.u_xsdbm_id/SWITCH_N_EXT_BSCAN.bscan_inst/s_bscan_reset                                                                                                                                                             |                5 |             31 |
|  dbg_hub/inst/BSCANID.u_xsdbm_id/itck_i    |                                                                                                                                                                                                                                     | dbg_hub/inst/BSCANID.u_xsdbm_id/SWITCH_N_EXT_BSCAN.bscan_switch/shiftreg[31]_i_1_n_0                                                                                                                                                    |                7 |             32 |
|  dbg_hub/inst/BSCANID.u_xsdbm_id/itck_i    | dbg_hub/inst/BSCANID.u_xsdbm_id/CORE_XSDB.UUT_MASTER/U_ICON_INTERFACE/U_CMD6_WR/U_WR_FIFO/SUBCORE_FIFO.xsdbm_v3_0_0_wrfifo_inst/inst_fifo_gen/gconvfifo.rf/grf.rf/gntv_or_sync_fifo.gl0.wr/gwas.wsts/E[0]                           |                                                                                                                                                                                                                                         |                2 |             32 |
|  design_1_i/zynq_ultra_ps_e_0/inst/pl_clk0 | dbg_hub/inst/BSCANID.u_xsdbm_id/CORE_XSDB.UUT_MASTER/U_XSDB_BUS_CONTROLLER/E[0]                                                                                                                                                     |                                                                                                                                                                                                                                         |                2 |             32 |
|  dbg_hub/inst/BSCANID.u_xsdbm_id/itck_i    | dbg_hub/inst/BSCANID.u_xsdbm_id/SWITCH_N_EXT_BSCAN.id_state[1]_i_1_n_0                                                                                                                                                              | dbg_hub/inst/BSCANID.u_xsdbm_id/SWITCH_N_EXT_BSCAN.bscan_inst/s_bscan_reset                                                                                                                                                             |                2 |             34 |
|  dbg_hub/inst/BSCANID.u_xsdbm_id/itck_i    |                                                                                                                                                                                                                                     |                                                                                                                                                                                                                                         |               21 |             61 |
|  design_1_i/zynq_ultra_ps_e_0/inst/pl_clk0 |                                                                                                                                                                                                                                     |                                                                                                                                                                                                                                         |               26 |            229 |
+--------------------------------------------+-------------------------------------------------------------------------------------------------------------------------------------------------------------------------------------------------------------------------------------+-----------------------------------------------------------------------------------------------------------------------------------------------------------------------------------------------------------------------------------------+------------------+----------------+


+--------+-----------------------+
| Fanout | Number of ControlSets |
+--------+-----------------------+
| 1      |                     7 |
| 2      |                    11 |
| 3      |                    12 |
| 4      |                     6 |
| 5      |                     1 |
| 6      |                     2 |
| 7      |                     1 |
| 8      |                     5 |
| 10     |                     2 |
| 12     |                     2 |
| 14     |                     1 |
| 16+    |                    26 |
+--------+-----------------------+


